// Jest Snapshot v1, https://goo.gl/fbAQLP

exports[`Card rtl render component should be rendered correctly in RTL direction 1`] = `
<div
  class="ant-card ant-card-bordered ant-card-rtl"
>
  <div
    class="ant-card-body"
  />
</div>
`;

exports[`Card should still have padding when card which set padding to 0 is loading 1`] = `
<div
  class="ant-card ant-card-loading ant-card-bordered"
>
  <div
    class="ant-card-body"
    style="padding: 0px;"
  >
    <div
      class="ant-card-loading-content"
      style="padding: 24px;"
    >
      <div
        class="ant-row"
        role="row"
        style="margin-left: -4px; margin-right: -4px;"
      >
        <div
          class="ant-col ant-col-22"
          role="cell"
          style="padding-left: 4px; padding-right: 4px;"
        >
          <div
            class="ant-card-loading-block"
          />
        </div>
      </div>
      <div
        class="ant-row"
        role="row"
        style="margin-left: -4px; margin-right: -4px;"
      >
        <div
          class="ant-col ant-col-8"
          role="cell"
          style="padding-left: 4px; padding-right: 4px;"
        >
          <div
            class="ant-card-loading-block"
          />
        </div>
        <div
          class="ant-col ant-col-15"
          role="cell"
          style="padding-left: 4px; padding-right: 4px;"
        >
          <div
            class="ant-card-loading-block"
          />
        </div>
      </div>
      <div
        class="ant-row"
        role="row"
        style="margin-left: -4px; margin-right: -4px;"
      >
        <div
          class="ant-col ant-col-6"
          role="cell"
          style="padding-left: 4px; padding-right: 4px;"
        >
          <div
            class="ant-card-loading-block"
          />
        </div>
        <div
          class="ant-col ant-col-18"
          role="cell"
          style="padding-left: 4px; padding-right: 4px;"
        >
          <div
            class="ant-card-loading-block"
          />
        </div>
      </div>
      <div
        class="ant-row"
        role="row"
        style="margin-left: -4px; margin-right: -4px;"
      >
        <div
          class="ant-col ant-col-13"
          role="cell"
          style="padding-left: 4px; padding-right: 4px;"
        >
          <div
            class="ant-card-loading-block"
          />
        </div>
        <div
          class="ant-col ant-col-9"
          role="cell"
          style="padding-left: 4px; padding-right: 4px;"
        >
          <div
            class="ant-card-loading-block"
          />
        </div>
      </div>
      <div
        class="ant-row"
        role="row"
        style="margin-left: -4px; margin-right: -4px;"
      >
        <div
          class="ant-col ant-col-4"
          role="cell"
          style="padding-left: 4px; padding-right: 4px;"
        >
          <div
            class="ant-card-loading-block"
          />
        </div>
        <div
          class="ant-col ant-col-3"
          role="cell"
          style="padding-left: 4px; padding-right: 4px;"
        >
          <div
            class="ant-card-loading-block"
          />
        </div>
        <div
          class="ant-col ant-col-16"
          role="cell"
          style="padding-left: 4px; padding-right: 4px;"
        >
          <div
            class="ant-card-loading-block"
          />
        </div>
      </div>
    </div>
  </div>
</div>
`;

exports[`Card title should be vertically aligned 1`] = `
<div
  class="ant-card ant-card-bordered"
  style="width: 300px;"
>
  <div
    class="ant-card-head"
  >
    <div
      class="ant-card-head-wrapper"
    >
      <div
        class="ant-card-head-title"
      >
        Card title
      </div>
      <div
        class="ant-card-extra"
      >
        <button
          class="ant-btn ant-btn-default"
          type="button"
        >
          <span>
            Button
          </span>
        </button>
      </div>
    </div>
  </div>
  <div
    class="ant-card-body"
  >
    <p>
      Card content
    </p>
  </div>
</div>
`;
